// Jest Snapshot v1, https://goo.gl/fbAQLP

exports[`<Technologies /> mounting behaviour should match snapshot 1`] = `
<ContextProvider
  value={
    Object {
      "store": Object {
        "clearActions": [Function],
        "dispatch": [Function],
        "getActions": [Function],
        "getState": [Function],
        "replaceReducer": [Function],
        "subscribe": [Function],
      },
      "subscription": Subscription {
        "handleChangeWrapper": [Function],
        "listeners": Object {
          "notify": [Function],
        },
        "onStateChange": [Function],
        "parentSub": undefined,
        "store": Object {
          "clearActions": [Function],
          "dispatch": [Function],
          "getActions": [Function],
          "getState": [Function],
          "replaceReducer": [Function],
          "subscribe": [Function],
        },
        "unsubscribe": null,
      },
    }
  }
>
  <Connect(Technologies)
    data={
      Object {
        "civilizations": "https://age-of-empires-2-api.herokuapp.com/api/v1/civilizations",
        "structures": "https://age-of-empires-2-api.herokuapp.com/api/v1/structures",
        "technologies": Array [
          Object {
            "age": "Castle",
            "applies_to": Array [
              "https://age-of-empires-2-api.herokuapp.com/api/v1/unit/archer",
            ],
            "build_time": 35,
            "cost": Object {
              "Food": 125,
              "Gold": 75,
            },
            "description": "Upgrade to Crossbowman",
            "develops_in": "https://age-of-empires-2-api.herokuapp.com/api/v1/structure/archery_range",
            "expansion": "Age of Kings",
            "id": 1,
            "name": "Crossbowman",
          },
          Object {
            "age": "Castle",
            "applies_to": Array [
              "https://age-of-empires-2-api.herokuapp.com/api/v1/unit/archer",
              "https://age-of-empires-2-api.herokuapp.com/api/v1/unit/cavalry_archer",
            ],
            "build_time": 45,
            "cost": Object {
              "Food": 300,
              "Wood": 250,
            },
            "description": "Faster reload time (10-20%) and 100% accuracy",
            "develops_in": "https://age-of-empires-2-api.herokuapp.com/api/v1/structure/archery_range",
            "expansion": "Age of Kings",
            "id": 2,
            "name": "Thumb Ring",
          },
        ],
        "units": "https://age-of-empires-2-api.herokuapp.com/api/v1/units",
      }
    }
    location={false}
  />
</ContextProvider>
`;
